// Jest Snapshot v1, https://goo.gl/fbAQLP

exports[`renders ./components/icon/demo/basic.native.tsx correctly 1`] = `
<div>
  123
</div>
`;
